Archive member included because of file (symbol)

../unit_test_bsp/\libhal_bsp.a(alt_iic.o)
                              obj/default/main.o (alt_ic_irq_enable)
../unit_test_bsp/\libhal_bsp.a(alt_iic_isr_register.o)
                              ../unit_test_bsp/\libhal_bsp.a(alt_iic.o) (alt_iic_isr_register)
../unit_test_bsp/\libhal_bsp.a(alt_irq_entry.o)
                              ../unit_test_bsp/\libhal_bsp.a(alt_iic_isr_register.o) (alt_irq_entry)
../unit_test_bsp/\libhal_bsp.a(alt_irq_handler.o)
                              ../unit_test_bsp/\libhal_bsp.a(alt_iic_isr_register.o) (alt_irq_handler)
../unit_test_bsp/\libhal_bsp.a(alt_irq_vars.o)
                              ../unit_test_bsp/\libhal_bsp.a(alt_iic.o) (alt_irq_active)
../unit_test_bsp/\libhal_bsp.a(alt_load.o)
                              ../unit_test_bsp//obj/HAL/src/crt0.o (alt_load)
../unit_test_bsp/\libhal_bsp.a(alt_main.o)
                              ../unit_test_bsp//obj/HAL/src/crt0.o (alt_main)
../unit_test_bsp/\libhal_bsp.a(alt_printf.o)
                              obj/default/main.o (alt_printf)
../unit_test_bsp/\libhal_bsp.a(alt_putchar.o)
                              ../unit_test_bsp/\libhal_bsp.a(alt_printf.o) (alt_putchar)
../unit_test_bsp/\libhal_bsp.a(alt_putstr.o)
                              obj/default/main.o (alt_putstr)
../unit_test_bsp/\libhal_bsp.a(alt_sys_init.o)
                              ../unit_test_bsp/\libhal_bsp.a(alt_main.o) (alt_sys_init)
../unit_test_bsp/\libhal_bsp.a(altera_avalon_jtag_uart_write.o)
                              ../unit_test_bsp/\libhal_bsp.a(alt_putchar.o) (altera_avalon_jtag_uart_write)
../unit_test_bsp/\libhal_bsp.a(alt_dcache_flush_all.o)
                              ../unit_test_bsp/\libhal_bsp.a(alt_load.o) (alt_dcache_flush_all)
../unit_test_bsp/\libhal_bsp.a(alt_exception_entry.o)
                              ../unit_test_bsp/\libhal_bsp.a(alt_irq_entry.o) (alt_exception)
../unit_test_bsp/\libhal_bsp.a(alt_icache_flush_all.o)
                              ../unit_test_bsp/\libhal_bsp.a(alt_load.o) (alt_icache_flush_all)
../unit_test_bsp/\libhal_bsp.a(altera_nios2_qsys_irq.o)
                              ../unit_test_bsp/\libhal_bsp.a(alt_sys_init.o) (altera_nios2_qsys_irq_init)
../unit_test_bsp/\libhal_bsp.a(alt_icache_flush.o)
                              ../unit_test_bsp/\libhal_bsp.a(alt_icache_flush_all.o) (alt_icache_flush)
c:/altera/13.0sp1/nios2eds/bin/gnu/h-i686-mingw32/bin/../lib/gcc/nios2-elf/4.1.2/../../../../nios2-elf/lib\libsmallc.a(lib_a-strlen.o)
                              ../unit_test_bsp/\libhal_bsp.a(alt_putstr.o) (strlen)

Allocating common symbols
Common symbol       size              file

alt_irq             0x100             ../unit_test_bsp/\libhal_bsp.a(alt_irq_handler.o)

Discarded input sections

 .group         0x00000000        0x8 obj/default/main.o
 .group         0x00000000        0x8 obj/default/main.o
 .group         0x00000000        0x8 obj/default/main.o
 .group         0x00000000        0x8 obj/default/main.o
 .group         0x00000000        0x8 obj/default/main.o
 .group         0x00000000        0x8 obj/default/main.o
 .group         0x00000000        0x8 obj/default/main.o
 .group         0x00000000        0x8 obj/default/main.o
 .group         0x00000000        0x8 obj/default/main.o
 .group         0x00000000        0x8 obj/default/main.o
 .group         0x00000000        0x8 obj/default/main.o
 .group         0x00000000        0x8 obj/default/main.o
 .group         0x00000000        0x8 obj/default/main.o
 .group         0x00000000        0x8 obj/default/main.o
 .group         0x00000000        0x8 obj/default/main.o

Memory Configuration

Name             Origin             Length             Attributes
reset            0x00200000         0x00000020
onchip_memory2_0 0x00200020         0x00007fe0
*default*        0x00000000         0xffffffff

Linker script and memory map

LOAD ../unit_test_bsp//obj/HAL/src/crt0.o
                0x0020001c                exit = _exit
LOAD obj/default/main.o
LOAD c:/altera/13.0sp1/nios2eds/bin/gnu/h-i686-mingw32/bin/../lib/gcc/nios2-elf/4.1.2/../../../../nios2-elf/lib\libstdc++.a
LOAD c:/altera/13.0sp1/nios2eds/bin/gnu/h-i686-mingw32/bin/../lib/gcc/nios2-elf/4.1.2/../../../../nios2-elf/lib\libm.a
LOAD c:/altera/13.0sp1/nios2eds/bin/gnu/h-i686-mingw32/bin/../lib/gcc/nios2-elf/4.1.2\libgcc.a
START GROUP
LOAD c:/altera/13.0sp1/nios2eds/bin/gnu/h-i686-mingw32/bin/../lib/gcc/nios2-elf/4.1.2/../../../../nios2-elf/lib\libsmallc.a
LOAD c:/altera/13.0sp1/nios2eds/bin/gnu/h-i686-mingw32/bin/../lib/gcc/nios2-elf/4.1.2\libgcc.a
LOAD ../unit_test_bsp/\libhal_bsp.a
END GROUP
LOAD c:/altera/13.0sp1/nios2eds/bin/gnu/h-i686-mingw32/bin/../lib/gcc/nios2-elf/4.1.2\libgcc.a
                0x00200000                __alt_mem_onchip_memory2_0 = 0x200000

.entry          0x00200000       0x20
 *(.entry)
 .entry         0x00200000       0x20 ../unit_test_bsp//obj/HAL/src/crt0.o
                0x00200000                __reset
                0x0020001c                _exit

.exceptions     0x00200020      0x120
                0x00200020                PROVIDE (__ram_exceptions_start, ABSOLUTE (.))
                0x00200020                . = ALIGN (0x20)
 *(.irq)
 *(.exceptions.entry.label)
 .exceptions.entry.label
                0x00200020        0x0 ../unit_test_bsp/\libhal_bsp.a(alt_irq_entry.o)
                0x00200020                alt_irq_entry
 .exceptions.entry.label
                0x00200020        0x0 ../unit_test_bsp/\libhal_bsp.a(alt_exception_entry.o)
                0x00200020                alt_exception
 *(.exceptions.entry.user)
 *(.exceptions.entry)
 .exceptions.entry
                0x00200020       0x54 ../unit_test_bsp/\libhal_bsp.a(alt_exception_entry.o)
 *(.exceptions.irqtest.user)
 *(.exceptions.irqtest)
 .exceptions.irqtest
                0x00200074       0x10 ../unit_test_bsp/\libhal_bsp.a(alt_irq_entry.o)
 *(.exceptions.irqhandler.user)
 *(.exceptions.irqhandler)
 .exceptions.irqhandler
                0x00200084        0x4 ../unit_test_bsp/\libhal_bsp.a(alt_irq_entry.o)
 *(.exceptions.irqreturn.user)
 *(.exceptions.irqreturn)
 .exceptions.irqreturn
                0x00200088        0x4 ../unit_test_bsp/\libhal_bsp.a(alt_irq_entry.o)
 *(.exceptions.notirq.label)
 .exceptions.notirq.label
                0x0020008c        0x0 ../unit_test_bsp/\libhal_bsp.a(alt_irq_entry.o)
 *(.exceptions.notirq.user)
 *(.exceptions.notirq)
 .exceptions.notirq
                0x0020008c        0x8 ../unit_test_bsp/\libhal_bsp.a(alt_exception_entry.o)
 *(.exceptions.soft.user)
 *(.exceptions.soft)
 *(.exceptions.unknown.user)
 *(.exceptions.unknown)
 .exceptions.unknown
                0x00200094        0x4 ../unit_test_bsp/\libhal_bsp.a(alt_exception_entry.o)
 *(.exceptions.exit.label)
 .exceptions.exit.label
                0x00200098        0x0 ../unit_test_bsp/\libhal_bsp.a(alt_irq_entry.o)
 .exceptions.exit.label
                0x00200098        0x0 ../unit_test_bsp/\libhal_bsp.a(alt_exception_entry.o)
 *(.exceptions.exit.user)
 *(.exceptions.exit)
 .exceptions.exit
                0x00200098       0x54 ../unit_test_bsp/\libhal_bsp.a(alt_exception_entry.o)
 *(.exceptions)
 .exceptions    0x002000ec       0x54 ../unit_test_bsp/\libhal_bsp.a(alt_irq_handler.o)
                0x002000ec                alt_irq_handler
                0x00200140                PROVIDE (__ram_exceptions_end, ABSOLUTE (.))
                0x00200020                PROVIDE (__flash_exceptions_start, LOADADDR (.exceptions))

.text           0x00200140      0xda8
                0x00200140                PROVIDE (stext, ABSOLUTE (.))
 *(.interp)
 *(.hash)
 *(.dynsym)
 *(.dynstr)
 *(.gnu.version)
 *(.gnu.version_d)
 *(.gnu.version_r)
 *(.rel.init)
 *(.rela.init)
 *(.rel.text .rel.text.* .rel.gnu.linkonce.t.*)
 *(.rela.text .rela.text.* .rela.gnu.linkonce.t.*)
 *(.rel.fini)
 *(.rela.fini)
 *(.rel.rodata .rel.rodata.* .rel.gnu.linkonce.r.*)
 *(.rela.rodata .rela.rodata.* .rela.gnu.linkonce.r.*)
 *(.rel.data .rel.data.* .rel.gnu.linkonce.d.*)
 *(.rela.data .rela.data.* .rela.gnu.linkonce.d.*)
 *(.rel.tdata .rel.tdata.* .rel.gnu.linkonce.td.*)
 *(.rela.tdata .rela.tdata.* .rela.gnu.linkonce.td.*)
 *(.rel.tbss .rel.tbss.* .rel.gnu.linkonce.tb.*)
 *(.rela.tbss .rela.tbss.* .rela.gnu.linkonce.tb.*)
 *(.rel.ctors)
 *(.rela.ctors)
 *(.rel.dtors)
 *(.rela.dtors)
 *(.rel.got)
 *(.rela.got)
 *(.rel.sdata .rel.sdata.* .rel.gnu.linkonce.s.*)
 *(.rela.sdata .rela.sdata.* .rela.gnu.linkonce.s.*)
 *(.rel.sbss .rel.sbss.* .rel.gnu.linkonce.sb.*)
 *(.rela.sbss .rela.sbss.* .rela.gnu.linkonce.sb.*)
 *(.rel.sdata2 .rel.sdata2.* .rel.gnu.linkonce.s2.*)
 *(.rela.sdata2 .rela.sdata2.* .rela.gnu.linkonce.s2.*)
 *(.rel.sbss2 .rel.sbss2.* .rel.gnu.linkonce.sb2.*)
 *(.rela.sbss2 .rela.sbss2.* .rela.gnu.linkonce.sb2.*)
 *(.rel.bss .rel.bss.* .rel.gnu.linkonce.b.*)
 *(.rela.bss .rela.bss.* .rela.gnu.linkonce.b.*)
 *(.rel.plt)
 *(.rela.plt)
 *(.rel.dyn)
 *(.init)
 *(.plt)
 *(.text .stub .text.* .gnu.linkonce.t.*)
 .text          0x00200140       0x4c ../unit_test_bsp//obj/HAL/src/crt0.o
                0x00200140                _start
 .text          0x0020018c      0x348 obj/default/main.o
                0x0020018c                main
 .text._ZN6Object7executeEv
                0x002004d4       0x14 obj/default/main.o
                0x002004d4                Object::execute()
 .text._ZN9Scheduler11execute_cmdEiii
                0x002004e8       0x48 obj/default/main.o
                0x002004e8                Scheduler::execute_cmd(int, int, int)
 .text._ZN9Scheduler15enable_scheduleEv
                0x00200530       0x34 obj/default/main.o
                0x00200530                Scheduler::enable_schedule()
 .text._ZN9Scheduler11set_quantumEi
                0x00200564       0x34 obj/default/main.o
                0x00200564                Scheduler::set_quantum(int)
 .text._ZN9Scheduler6resumeEP6Object
                0x00200598       0x50 obj/default/main.o
                0x00200598                Scheduler::resume(Object*)
 .text._ZN9Scheduler6chosenEv
                0x002005e8       0x24 obj/default/main.o
                0x002005e8                Scheduler::chosen()
 .text._ZN9Scheduler6chooseEP6Object
                0x0020060c       0xa8 obj/default/main.o
                0x0020060c                Scheduler::choose(Object*)
 .text._ZN9Scheduler14choose_anotherEv
                0x002006b4       0x98 obj/default/main.o
                0x002006b4                Scheduler::choose_another()
 .text._ZN9Scheduler6chooseEv
                0x0020074c       0x88 obj/default/main.o
                0x0020074c                Scheduler::choose()
 .text._ZN9Scheduler7suspendEP6Object
                0x002007d4       0x9c obj/default/main.o
                0x002007d4                Scheduler::suspend(Object*)
 .text._ZN9Scheduler6removeEP6Object
                0x00200870       0xa8 obj/default/main.o
                0x00200870                Scheduler::remove(Object*)
 .text._ZN9Scheduler6insertEP6Object
                0x00200918       0x8c obj/default/main.o
                0x00200918                Scheduler::insert(Object*)
 .text._ZN9Scheduler12schedulablesEv
                0x002009a4       0x10 obj/default/main.o
                0x002009a4                Scheduler::schedulables()
 .text._ZN9Scheduler11int_handlerEPv
                0x002009b4       0xbc obj/default/main.o
                0x002009b4                Scheduler::int_handler(void*)
 .text._ZN9Scheduler5resetEv
                0x00200a70       0x10 obj/default/main.o
                0x00200a70                Scheduler::reset()
 .text          0x00200a80       0x9c ../unit_test_bsp/\libhal_bsp.a(alt_iic.o)
                0x00200a80                alt_ic_irq_enabled
                0x00200a98                alt_ic_irq_enable
                0x00200ad8                alt_ic_irq_disable
                0x00200b18                alt_ic_isr_register
 .text          0x00200b1c       0x6c ../unit_test_bsp/\libhal_bsp.a(alt_iic_isr_register.o)
                0x00200b1c                alt_iic_isr_register
 .text          0x00200b88        0x0 ../unit_test_bsp/\libhal_bsp.a(alt_irq_entry.o)
 .text          0x00200b88        0x0 ../unit_test_bsp/\libhal_bsp.a(alt_irq_handler.o)
 .text          0x00200b88        0x0 ../unit_test_bsp/\libhal_bsp.a(alt_irq_vars.o)
 .text          0x00200b88       0x8c ../unit_test_bsp/\libhal_bsp.a(alt_load.o)
                0x00200ba8                alt_load
 .text          0x00200c14       0x2c ../unit_test_bsp/\libhal_bsp.a(alt_main.o)
                0x00200c14                alt_main
 .text          0x00200c40      0x144 ../unit_test_bsp/\libhal_bsp.a(alt_printf.o)
                0x00200c40                alt_printf
 .text          0x00200d84       0x50 ../unit_test_bsp/\libhal_bsp.a(alt_putchar.o)
                0x00200d84                alt_putchar
 .text          0x00200dd4       0x38 ../unit_test_bsp/\libhal_bsp.a(alt_putstr.o)
                0x00200dd4                alt_putstr
 .text          0x00200e0c       0x24 ../unit_test_bsp/\libhal_bsp.a(alt_sys_init.o)
                0x00200e0c                alt_sys_init
                0x00200e10                alt_irq_init
 .text          0x00200e30       0x34 ../unit_test_bsp/\libhal_bsp.a(altera_avalon_jtag_uart_write.o)
                0x00200e30                altera_avalon_jtag_uart_write
 .text          0x00200e64       0x18 ../unit_test_bsp/\libhal_bsp.a(alt_dcache_flush_all.o)
                0x00200e64                alt_dcache_flush_all
 .text          0x00200e7c        0x0 ../unit_test_bsp/\libhal_bsp.a(alt_exception_entry.o)
 .text          0x00200e7c        0xc ../unit_test_bsp/\libhal_bsp.a(alt_icache_flush_all.o)
                0x00200e7c                alt_icache_flush_all
 .text          0x00200e88        0x8 ../unit_test_bsp/\libhal_bsp.a(altera_nios2_qsys_irq.o)
                0x00200e88                altera_nios2_qsys_irq_init
 .text          0x00200e90       0x38 ../unit_test_bsp/\libhal_bsp.a(alt_icache_flush.o)
                0x00200e90                alt_icache_flush
 .text          0x00200ec8       0x20 c:/altera/13.0sp1/nios2eds/bin/gnu/h-i686-mingw32/bin/../lib/gcc/nios2-elf/4.1.2/../../../../nios2-elf/lib\libsmallc.a(lib_a-strlen.o)
                0x00200ec8                strlen
 *(.gnu.warning.*)
 *(.fini)
                0x00200ee8                PROVIDE (__etext, ABSOLUTE (.))
                0x00200ee8                PROVIDE (_etext, ABSOLUTE (.))
                0x00200ee8                PROVIDE (etext, ABSOLUTE (.))
 *(.eh_frame_hdr)
                0x00200ee8                . = ALIGN (0x4)
                0x00200ee8                PROVIDE (__preinit_array_start, ABSOLUTE (.))
 *(.preinit_array)
                0x00200ee8                PROVIDE (__preinit_array_end, ABSOLUTE (.))
                0x00200ee8                PROVIDE (__init_array_start, ABSOLUTE (.))
 *(.init_array)
                0x00200ee8                PROVIDE (__init_array_end, ABSOLUTE (.))
                0x00200ee8                PROVIDE (__fini_array_start, ABSOLUTE (.))
 *(.fini_array)
                0x00200ee8                PROVIDE (__fini_array_end, ABSOLUTE (.))
 *(.eh_frame)
 *(.gcc_except_table)
 *(.dynamic)
                0x00200ee8                PROVIDE (__CTOR_LIST__, ABSOLUTE (.))
 *(.ctors)
 *(SORT(.ctors.*))
                0x00200ee8                PROVIDE (__CTOR_END__, ABSOLUTE (.))
                0x00200ee8                PROVIDE (__DTOR_LIST__, ABSOLUTE (.))
 *(.dtors)
 *(SORT(.dtors.*))
                0x00200ee8                PROVIDE (__DTOR_END__, ABSOLUTE (.))
 *(.jcr)
                0x00200ee8                . = ALIGN (0x4)

.rodata         0x00200ee8       0xbc
                0x00200ee8                PROVIDE (__ram_rodata_start, ABSOLUTE (.))
                0x00200ee8                . = ALIGN (0x4)
 *(.rodata .rodata.* .gnu.linkonce.r.*)
 .rodata.str1.4
                0x00200ee8       0xbc obj/default/main.o
 *(.rodata1)
                0x00200fa4                . = ALIGN (0x4)
                0x00200fa4                PROVIDE (__ram_rodata_end, ABSOLUTE (.))
                0x00200ee8                PROVIDE (__flash_rodata_start, LOADADDR (.rodata))

.rwdata         0x00200fa4        0x8 load address 0x00200fac
                0x00200fa4                PROVIDE (__ram_rwdata_start, ABSOLUTE (.))
                0x00200fa4                . = ALIGN (0x4)
 *(.got.plt)
 *(.got)
 *(.data1)
 *(.data .data.* .gnu.linkonce.d.*)
 .data          0x00200fa4        0x0 ../unit_test_bsp//obj/HAL/src/crt0.o
 .data          0x00200fa4        0x0 obj/default/main.o
 .data          0x00200fa4        0x0 ../unit_test_bsp/\libhal_bsp.a(alt_iic.o)
 .data          0x00200fa4        0x0 ../unit_test_bsp/\libhal_bsp.a(alt_iic_isr_register.o)
 .data          0x00200fa4        0x0 ../unit_test_bsp/\libhal_bsp.a(alt_irq_entry.o)
 .data          0x00200fa4        0x0 ../unit_test_bsp/\libhal_bsp.a(alt_irq_handler.o)
 .data          0x00200fa4        0x0 ../unit_test_bsp/\libhal_bsp.a(alt_irq_vars.o)
 .data          0x00200fa4        0x0 ../unit_test_bsp/\libhal_bsp.a(alt_load.o)
 .data          0x00200fa4        0x0 ../unit_test_bsp/\libhal_bsp.a(alt_main.o)
 .data          0x00200fa4        0x0 ../unit_test_bsp/\libhal_bsp.a(alt_printf.o)
 .data          0x00200fa4        0x0 ../unit_test_bsp/\libhal_bsp.a(alt_putchar.o)
 .data          0x00200fa4        0x0 ../unit_test_bsp/\libhal_bsp.a(alt_putstr.o)
 .data          0x00200fa4        0x0 ../unit_test_bsp/\libhal_bsp.a(alt_sys_init.o)
 .data          0x00200fa4        0x0 ../unit_test_bsp/\libhal_bsp.a(altera_avalon_jtag_uart_write.o)
 .data          0x00200fa4        0x0 ../unit_test_bsp/\libhal_bsp.a(alt_dcache_flush_all.o)
 .data          0x00200fa4        0x0 ../unit_test_bsp/\libhal_bsp.a(alt_exception_entry.o)
 .data          0x00200fa4        0x0 ../unit_test_bsp/\libhal_bsp.a(alt_icache_flush_all.o)
 .data          0x00200fa4        0x0 ../unit_test_bsp/\libhal_bsp.a(altera_nios2_qsys_irq.o)
 .data          0x00200fa4        0x0 ../unit_test_bsp/\libhal_bsp.a(alt_icache_flush.o)
 .data          0x00200fa4        0x0 c:/altera/13.0sp1/nios2eds/bin/gnu/h-i686-mingw32/bin/../lib/gcc/nios2-elf/4.1.2/../../../../nios2-elf/lib\libsmallc.a(lib_a-strlen.o)
                0x00208fa4                _gp = ABSOLUTE ((. + 0x8000))
                0x00208fa4                PROVIDE (gp, _gp)
 *(.rwdata .rwdata.*)
 *(.sdata .sdata.* .gnu.linkonce.s.*)
 .sdata         0x00200fa4        0x4 ../unit_test_bsp/\libhal_bsp.a(alt_irq_vars.o)
                0x00200fa4                alt_priority_mask
 .sdata         0x00200fa8        0x4 ../unit_test_bsp/\libhal_bsp.a(alt_sys_init.o)
                0x00200fa8                jtag_uart_0
 *(.sdata2 .sdata2.* .gnu.linkonce.s2.*)
                0x00200fac                . = ALIGN (0x4)
                0x00200fac                _edata = ABSOLUTE (.)
                0x00200fac                PROVIDE (edata, ABSOLUTE (.))
                0x00200fac                PROVIDE (__ram_rwdata_end, ABSOLUTE (.))
                0x00200fac                PROVIDE (__flash_rwdata_start, LOADADDR (.rwdata))

.bss            0x00200fb4      0x110
                0x00200fb4                __bss_start = ABSOLUTE (.)
                0x00200fb4                PROVIDE (__sbss_start, ABSOLUTE (.))
                0x00200fb4                PROVIDE (___sbss_start, ABSOLUTE (.))
 *(.dynsbss)
 *(.sbss .sbss.* .gnu.linkonce.sb.*)
 .sbss          0x00200fb4        0x4 ../unit_test_bsp/\libhal_bsp.a(alt_irq_vars.o)
                0x00200fb4                alt_irq_active
 .sbss          0x00200fb8        0xc ../unit_test_bsp/\libhal_bsp.a(alt_main.o)
                0x00200fb8                alt_argc
                0x00200fbc                alt_argv
                0x00200fc0                alt_envp
 *(.sbss2 .sbss2.* .gnu.linkonce.sb2.*)
 *(.scommon)
                0x00200fc4                PROVIDE (__sbss_end, ABSOLUTE (.))
                0x00200fc4                PROVIDE (___sbss_end, ABSOLUTE (.))
 *(.dynbss)
 *(.bss .bss.* .gnu.linkonce.b.*)
 .bss           0x00200fc4        0x0 ../unit_test_bsp//obj/HAL/src/crt0.o
 .bss           0x00200fc4        0x0 obj/default/main.o
 .bss           0x00200fc4        0x0 ../unit_test_bsp/\libhal_bsp.a(alt_iic.o)
 .bss           0x00200fc4        0x0 ../unit_test_bsp/\libhal_bsp.a(alt_iic_isr_register.o)
 .bss           0x00200fc4        0x0 ../unit_test_bsp/\libhal_bsp.a(alt_irq_entry.o)
 .bss           0x00200fc4        0x0 ../unit_test_bsp/\libhal_bsp.a(alt_irq_handler.o)
 .bss           0x00200fc4        0x0 ../unit_test_bsp/\libhal_bsp.a(alt_irq_vars.o)
 .bss           0x00200fc4        0x0 ../unit_test_bsp/\libhal_bsp.a(alt_load.o)
 .bss           0x00200fc4        0x0 ../unit_test_bsp/\libhal_bsp.a(alt_main.o)
 .bss           0x00200fc4        0x0 ../unit_test_bsp/\libhal_bsp.a(alt_printf.o)
 .bss           0x00200fc4        0x0 ../unit_test_bsp/\libhal_bsp.a(alt_putchar.o)
 .bss           0x00200fc4        0x0 ../unit_test_bsp/\libhal_bsp.a(alt_putstr.o)
 .bss           0x00200fc4        0x0 ../unit_test_bsp/\libhal_bsp.a(alt_sys_init.o)
 .bss           0x00200fc4        0x0 ../unit_test_bsp/\libhal_bsp.a(altera_avalon_jtag_uart_write.o)
 .bss           0x00200fc4        0x0 ../unit_test_bsp/\libhal_bsp.a(alt_dcache_flush_all.o)
 .bss           0x00200fc4        0x0 ../unit_test_bsp/\libhal_bsp.a(alt_exception_entry.o)
 .bss           0x00200fc4        0x0 ../unit_test_bsp/\libhal_bsp.a(alt_icache_flush_all.o)
 .bss           0x00200fc4        0x0 ../unit_test_bsp/\libhal_bsp.a(altera_nios2_qsys_irq.o)
 .bss           0x00200fc4        0x0 ../unit_test_bsp/\libhal_bsp.a(alt_icache_flush.o)
 .bss           0x00200fc4        0x0 c:/altera/13.0sp1/nios2eds/bin/gnu/h-i686-mingw32/bin/../lib/gcc/nios2-elf/4.1.2/../../../../nios2-elf/lib\libsmallc.a(lib_a-strlen.o)
 *(COMMON)
 COMMON         0x00200fc4      0x100 ../unit_test_bsp/\libhal_bsp.a(alt_irq_handler.o)
                0x00200fc4                alt_irq
                0x002010c4                . = ALIGN (0x4)
                0x002010c4                __bss_end = ABSOLUTE (.)

.onchip_memory2_0
                0x002010c4        0x0
                0x002010c4                PROVIDE (_alt_partition_onchip_memory2_0_start, ABSOLUTE (.))
 *(.onchip_memory2_0. onchip_memory2_0.*)
                0x002010c4                . = ALIGN (0x4)
                0x002010c4                PROVIDE (_alt_partition_onchip_memory2_0_end, ABSOLUTE (.))
                0x002010c4                _end = ABSOLUTE (.)
                0x002010c4                end = ABSOLUTE (.)
                0x002010c4                __alt_stack_base = ABSOLUTE (.)
                0x002010c4                PROVIDE (_alt_partition_onchip_memory2_0_load_addr, LOADADDR (.onchip_memory2_0))

.stab
 *(.stab)

.stabstr
 *(.stabstr)

.stab.excl
 *(.stab.excl)

.stab.exclstr
 *(.stab.exclstr)

.stab.index
 *(.stab.index)

.stab.indexstr
 *(.stab.indexstr)

.comment        0x00000000       0x26
 *(.comment)
 .comment       0x00000000       0x26 obj/default/main.o
                                 0x27 (size before relaxing)
 .comment       0x00000000       0x27 ../unit_test_bsp/\libhal_bsp.a(alt_iic.o)
 .comment       0x00000000       0x27 ../unit_test_bsp/\libhal_bsp.a(alt_iic_isr_register.o)
 .comment       0x00000000       0x27 ../unit_test_bsp/\libhal_bsp.a(alt_irq_handler.o)
 .comment       0x00000000       0x27 ../unit_test_bsp/\libhal_bsp.a(alt_irq_vars.o)
 .comment       0x00000000       0x27 ../unit_test_bsp/\libhal_bsp.a(alt_load.o)
 .comment       0x00000000       0x27 ../unit_test_bsp/\libhal_bsp.a(alt_main.o)
 .comment       0x00000000       0x27 ../unit_test_bsp/\libhal_bsp.a(alt_printf.o)
 .comment       0x00000000       0x27 ../unit_test_bsp/\libhal_bsp.a(alt_putchar.o)
 .comment       0x00000000       0x27 ../unit_test_bsp/\libhal_bsp.a(alt_putstr.o)
 .comment       0x00000000       0x27 ../unit_test_bsp/\libhal_bsp.a(alt_sys_init.o)
 .comment       0x00000000       0x27 ../unit_test_bsp/\libhal_bsp.a(altera_avalon_jtag_uart_write.o)
 .comment       0x00000000       0x27 ../unit_test_bsp/\libhal_bsp.a(alt_dcache_flush_all.o)
 .comment       0x00000000       0x27 ../unit_test_bsp/\libhal_bsp.a(alt_icache_flush_all.o)
 .comment       0x00000000       0x27 ../unit_test_bsp/\libhal_bsp.a(altera_nios2_qsys_irq.o)
 .comment       0x00000000       0x27 ../unit_test_bsp/\libhal_bsp.a(alt_icache_flush.o)
 .comment       0x00000000       0x27 c:/altera/13.0sp1/nios2eds/bin/gnu/h-i686-mingw32/bin/../lib/gcc/nios2-elf/4.1.2/../../../../nios2-elf/lib\libsmallc.a(lib_a-strlen.o)

.debug
 *(.debug)

.line
 *(.line)

.debug_srcinfo
 *(.debug_srcinfo)

.debug_sfnames
 *(.debug_sfnames)

.debug_aranges  0x00000000      0x310
 *(.debug_aranges)
 .debug_aranges
                0x00000000       0x28 ../unit_test_bsp//obj/HAL/src/crt0.o
 .debug_aranges
                0x00000028       0x98 obj/default/main.o
 .debug_aranges
                0x000000c0       0x20 ../unit_test_bsp/\libhal_bsp.a(alt_iic.o)
 .debug_aranges
                0x000000e0       0x20 ../unit_test_bsp/\libhal_bsp.a(alt_iic_isr_register.o)
 .debug_aranges
                0x00000100       0x30 ../unit_test_bsp/\libhal_bsp.a(alt_irq_entry.o)
 .debug_aranges
                0x00000130       0x28 ../unit_test_bsp/\libhal_bsp.a(alt_irq_handler.o)
 .debug_aranges
                0x00000158       0x20 ../unit_test_bsp/\libhal_bsp.a(alt_load.o)
 .debug_aranges
                0x00000178       0x20 ../unit_test_bsp/\libhal_bsp.a(alt_main.o)
 .debug_aranges
                0x00000198       0x20 ../unit_test_bsp/\libhal_bsp.a(alt_printf.o)
 .debug_aranges
                0x000001b8       0x20 ../unit_test_bsp/\libhal_bsp.a(alt_putchar.o)
 .debug_aranges
                0x000001d8       0x20 ../unit_test_bsp/\libhal_bsp.a(alt_putstr.o)
 .debug_aranges
                0x000001f8       0x20 ../unit_test_bsp/\libhal_bsp.a(alt_sys_init.o)
 .debug_aranges
                0x00000218       0x20 ../unit_test_bsp/\libhal_bsp.a(altera_avalon_jtag_uart_write.o)
 .debug_aranges
                0x00000238       0x20 ../unit_test_bsp/\libhal_bsp.a(alt_dcache_flush_all.o)
 .debug_aranges
                0x00000258       0x38 ../unit_test_bsp/\libhal_bsp.a(alt_exception_entry.o)
 .debug_aranges
                0x00000290       0x20 ../unit_test_bsp/\libhal_bsp.a(alt_icache_flush_all.o)
 .debug_aranges
                0x000002b0       0x20 ../unit_test_bsp/\libhal_bsp.a(altera_nios2_qsys_irq.o)
 .debug_aranges
                0x000002d0       0x20 ../unit_test_bsp/\libhal_bsp.a(alt_icache_flush.o)
 .debug_aranges
                0x000002f0       0x20 c:/altera/13.0sp1/nios2eds/bin/gnu/h-i686-mingw32/bin/../lib/gcc/nios2-elf/4.1.2/../../../../nios2-elf/lib\libsmallc.a(lib_a-strlen.o)

.debug_pubnames
                0x00000000      0x49b
 *(.debug_pubnames)
 .debug_pubnames
                0x00000000      0x189 obj/default/main.o
 .debug_pubnames
                0x00000189       0x6e ../unit_test_bsp/\libhal_bsp.a(alt_iic.o)
 .debug_pubnames
                0x000001f7       0x2b ../unit_test_bsp/\libhal_bsp.a(alt_iic_isr_register.o)
 .debug_pubnames
                0x00000222       0x32 ../unit_test_bsp/\libhal_bsp.a(alt_irq_handler.o)
 .debug_pubnames
                0x00000254       0x3b ../unit_test_bsp/\libhal_bsp.a(alt_irq_vars.o)
 .debug_pubnames
                0x0000028f       0x1f ../unit_test_bsp/\libhal_bsp.a(alt_load.o)
 .debug_pubnames
                0x000002ae       0x46 ../unit_test_bsp/\libhal_bsp.a(alt_main.o)
 .debug_pubnames
                0x000002f4       0x21 ../unit_test_bsp/\libhal_bsp.a(alt_printf.o)
 .debug_pubnames
                0x00000315       0x22 ../unit_test_bsp/\libhal_bsp.a(alt_putchar.o)
 .debug_pubnames
                0x00000337       0x21 ../unit_test_bsp/\libhal_bsp.a(alt_putstr.o)
 .debug_pubnames
                0x00000358       0x44 ../unit_test_bsp/\libhal_bsp.a(alt_sys_init.o)
 .debug_pubnames
                0x0000039c       0x34 ../unit_test_bsp/\libhal_bsp.a(altera_avalon_jtag_uart_write.o)
 .debug_pubnames
                0x000003d0       0x2b ../unit_test_bsp/\libhal_bsp.a(alt_dcache_flush_all.o)
 .debug_pubnames
                0x000003fb       0x2b ../unit_test_bsp/\libhal_bsp.a(alt_icache_flush_all.o)
 .debug_pubnames
                0x00000426       0x31 ../unit_test_bsp/\libhal_bsp.a(altera_nios2_qsys_irq.o)
 .debug_pubnames
                0x00000457       0x27 ../unit_test_bsp/\libhal_bsp.a(alt_icache_flush.o)
 .debug_pubnames
                0x0000047e       0x1d c:/altera/13.0sp1/nios2eds/bin/gnu/h-i686-mingw32/bin/../lib/gcc/nios2-elf/4.1.2/../../../../nios2-elf/lib\libsmallc.a(lib_a-strlen.o)

.debug_info     0x00000000     0x1d36
 *(.debug_info .gnu.linkonce.wi.*)
 .debug_info    0x00000000       0x84 ../unit_test_bsp//obj/HAL/src/crt0.o
 .debug_info    0x00000084      0x8fc obj/default/main.o
 .debug_info    0x00000980      0x341 ../unit_test_bsp/\libhal_bsp.a(alt_iic.o)
 .debug_info    0x00000cc1      0x1f2 ../unit_test_bsp/\libhal_bsp.a(alt_iic_isr_register.o)
 .debug_info    0x00000eb3       0x8d ../unit_test_bsp/\libhal_bsp.a(alt_irq_entry.o)
 .debug_info    0x00000f40      0x17b ../unit_test_bsp/\libhal_bsp.a(alt_irq_handler.o)
 .debug_info    0x000010bb       0x92 ../unit_test_bsp/\libhal_bsp.a(alt_irq_vars.o)
 .debug_info    0x0000114d      0x12e ../unit_test_bsp/\libhal_bsp.a(alt_load.o)
 .debug_info    0x0000127b      0x125 ../unit_test_bsp/\libhal_bsp.a(alt_main.o)
 .debug_info    0x000013a0      0x11d ../unit_test_bsp/\libhal_bsp.a(alt_printf.o)
 .debug_info    0x000014bd       0xc5 ../unit_test_bsp/\libhal_bsp.a(alt_putchar.o)
 .debug_info    0x00001582       0xc5 ../unit_test_bsp/\libhal_bsp.a(alt_putstr.o)
 .debug_info    0x00001647      0x17d ../unit_test_bsp/\libhal_bsp.a(alt_sys_init.o)
 .debug_info    0x000017c4      0x18f ../unit_test_bsp/\libhal_bsp.a(altera_avalon_jtag_uart_write.o)
 .debug_info    0x00001953       0x9f ../unit_test_bsp/\libhal_bsp.a(alt_dcache_flush_all.o)
 .debug_info    0x000019f2       0x93 ../unit_test_bsp/\libhal_bsp.a(alt_exception_entry.o)
 .debug_info    0x00001a85       0x8d ../unit_test_bsp/\libhal_bsp.a(alt_icache_flush_all.o)
 .debug_info    0x00001b12       0x8d ../unit_test_bsp/\libhal_bsp.a(altera_nios2_qsys_irq.o)
 .debug_info    0x00001b9f       0xd5 ../unit_test_bsp/\libhal_bsp.a(alt_icache_flush.o)
 .debug_info    0x00001c74       0xc2 c:/altera/13.0sp1/nios2eds/bin/gnu/h-i686-mingw32/bin/../lib/gcc/nios2-elf/4.1.2/../../../../nios2-elf/lib\libsmallc.a(lib_a-strlen.o)

.debug_abbrev   0x00000000      0xd2d
 *(.debug_abbrev)
 .debug_abbrev  0x00000000       0x12 ../unit_test_bsp//obj/HAL/src/crt0.o
 .debug_abbrev  0x00000012      0x218 obj/default/main.o
 .debug_abbrev  0x0000022a      0x160 ../unit_test_bsp/\libhal_bsp.a(alt_iic.o)
 .debug_abbrev  0x0000038a      0x17e ../unit_test_bsp/\libhal_bsp.a(alt_iic_isr_register.o)
 .debug_abbrev  0x00000508       0x12 ../unit_test_bsp/\libhal_bsp.a(alt_irq_entry.o)
 .debug_abbrev  0x0000051a      0x117 ../unit_test_bsp/\libhal_bsp.a(alt_irq_handler.o)
 .debug_abbrev  0x00000631       0x44 ../unit_test_bsp/\libhal_bsp.a(alt_irq_vars.o)
 .debug_abbrev  0x00000675       0x97 ../unit_test_bsp/\libhal_bsp.a(alt_load.o)
 .debug_abbrev  0x0000070c       0xa6 ../unit_test_bsp/\libhal_bsp.a(alt_main.o)
 .debug_abbrev  0x000007b2       0xc7 ../unit_test_bsp/\libhal_bsp.a(alt_printf.o)
 .debug_abbrev  0x00000879       0x7b ../unit_test_bsp/\libhal_bsp.a(alt_putchar.o)
 .debug_abbrev  0x000008f4       0x7c ../unit_test_bsp/\libhal_bsp.a(alt_putstr.o)
 .debug_abbrev  0x00000970       0xe3 ../unit_test_bsp/\libhal_bsp.a(alt_sys_init.o)
 .debug_abbrev  0x00000a53       0xf0 ../unit_test_bsp/\libhal_bsp.a(altera_avalon_jtag_uart_write.o)
 .debug_abbrev  0x00000b43       0x57 ../unit_test_bsp/\libhal_bsp.a(alt_dcache_flush_all.o)
 .debug_abbrev  0x00000b9a       0x12 ../unit_test_bsp/\libhal_bsp.a(alt_exception_entry.o)
 .debug_abbrev  0x00000bac       0x3f ../unit_test_bsp/\libhal_bsp.a(alt_icache_flush_all.o)
 .debug_abbrev  0x00000beb       0x3f ../unit_test_bsp/\libhal_bsp.a(altera_nios2_qsys_irq.o)
 .debug_abbrev  0x00000c2a       0x89 ../unit_test_bsp/\libhal_bsp.a(alt_icache_flush.o)
 .debug_abbrev  0x00000cb3       0x7a c:/altera/13.0sp1/nios2eds/bin/gnu/h-i686-mingw32/bin/../lib/gcc/nios2-elf/4.1.2/../../../../nios2-elf/lib\libsmallc.a(lib_a-strlen.o)

.debug_line     0x00000000     0x2ca9
 *(.debug_line)
 .debug_line    0x00000000       0x72 ../unit_test_bsp//obj/HAL/src/crt0.o
 .debug_line    0x00000072      0xa3a obj/default/main.o
 .debug_line    0x00000aac      0x27f ../unit_test_bsp/\libhal_bsp.a(alt_iic.o)
 .debug_line    0x00000d2b      0x239 ../unit_test_bsp/\libhal_bsp.a(alt_iic_isr_register.o)
 .debug_line    0x00000f64       0x6b ../unit_test_bsp/\libhal_bsp.a(alt_irq_entry.o)
 .debug_line    0x00000fcf      0x21f ../unit_test_bsp/\libhal_bsp.a(alt_irq_handler.o)
 .debug_line    0x000011ee       0x72 ../unit_test_bsp/\libhal_bsp.a(alt_irq_vars.o)
 .debug_line    0x00001260      0x217 ../unit_test_bsp/\libhal_bsp.a(alt_load.o)
 .debug_line    0x00001477      0x2c2 ../unit_test_bsp/\libhal_bsp.a(alt_main.o)
 .debug_line    0x00001739      0x1f2 ../unit_test_bsp/\libhal_bsp.a(alt_printf.o)
 .debug_line    0x0000192b      0x1f2 ../unit_test_bsp/\libhal_bsp.a(alt_putchar.o)
 .debug_line    0x00001b1d      0x1d9 ../unit_test_bsp/\libhal_bsp.a(alt_putstr.o)
 .debug_line    0x00001cf6      0x286 ../unit_test_bsp/\libhal_bsp.a(alt_sys_init.o)
 .debug_line    0x00001f7c      0x2f4 ../unit_test_bsp/\libhal_bsp.a(altera_avalon_jtag_uart_write.o)
 .debug_line    0x00002270      0x1cd ../unit_test_bsp/\libhal_bsp.a(alt_dcache_flush_all.o)
 .debug_line    0x0000243d       0xab ../unit_test_bsp/\libhal_bsp.a(alt_exception_entry.o)
 .debug_line    0x000024e8      0x1c5 ../unit_test_bsp/\libhal_bsp.a(alt_icache_flush_all.o)
 .debug_line    0x000026ad      0x1ce ../unit_test_bsp/\libhal_bsp.a(altera_nios2_qsys_irq.o)
 .debug_line    0x0000287b      0x1e1 ../unit_test_bsp/\libhal_bsp.a(alt_icache_flush.o)
 .debug_line    0x00002a5c      0x24d c:/altera/13.0sp1/nios2eds/bin/gnu/h-i686-mingw32/bin/../lib/gcc/nios2-elf/4.1.2/../../../../nios2-elf/lib\libsmallc.a(lib_a-strlen.o)

.debug_frame    0x00000000      0x424
 *(.debug_frame)
 .debug_frame   0x00000000      0x1ac obj/default/main.o
 .debug_frame   0x000001ac       0x50 ../unit_test_bsp/\libhal_bsp.a(alt_iic.o)
 .debug_frame   0x000001fc       0x28 ../unit_test_bsp/\libhal_bsp.a(alt_iic_isr_register.o)
 .debug_frame   0x00000224       0x28 ../unit_test_bsp/\libhal_bsp.a(alt_irq_handler.o)
 .debug_frame   0x0000024c       0x38 ../unit_test_bsp/\libhal_bsp.a(alt_load.o)
 .debug_frame   0x00000284       0x28 ../unit_test_bsp/\libhal_bsp.a(alt_main.o)
 .debug_frame   0x000002ac       0x2c ../unit_test_bsp/\libhal_bsp.a(alt_printf.o)
 .debug_frame   0x000002d8       0x2c ../unit_test_bsp/\libhal_bsp.a(alt_putchar.o)
 .debug_frame   0x00000304       0x28 ../unit_test_bsp/\libhal_bsp.a(alt_putstr.o)
 .debug_frame   0x0000032c       0x38 ../unit_test_bsp/\libhal_bsp.a(alt_sys_init.o)
 .debug_frame   0x00000364       0x20 ../unit_test_bsp/\libhal_bsp.a(altera_avalon_jtag_uart_write.o)
 .debug_frame   0x00000384       0x20 ../unit_test_bsp/\libhal_bsp.a(alt_dcache_flush_all.o)
 .debug_frame   0x000003a4       0x20 ../unit_test_bsp/\libhal_bsp.a(alt_icache_flush_all.o)
 .debug_frame   0x000003c4       0x20 ../unit_test_bsp/\libhal_bsp.a(altera_nios2_qsys_irq.o)
 .debug_frame   0x000003e4       0x20 ../unit_test_bsp/\libhal_bsp.a(alt_icache_flush.o)
 .debug_frame   0x00000404       0x20 c:/altera/13.0sp1/nios2eds/bin/gnu/h-i686-mingw32/bin/../lib/gcc/nios2-elf/4.1.2/../../../../nios2-elf/lib\libsmallc.a(lib_a-strlen.o)

.debug_str      0x00000000      0xa27
 *(.debug_str)
 .debug_str     0x00000000      0x398 obj/default/main.o
                                0x403 (size before relaxing)
 .debug_str     0x00000398      0x161 ../unit_test_bsp/\libhal_bsp.a(alt_iic.o)
                                0x205 (size before relaxing)
 .debug_str     0x000004f9       0x4c ../unit_test_bsp/\libhal_bsp.a(alt_iic_isr_register.o)
                                0x1af (size before relaxing)
 .debug_str     0x00000545       0x3a ../unit_test_bsp/\libhal_bsp.a(alt_irq_handler.o)
                                0x15e (size before relaxing)
 .debug_str     0x0000057f       0x17 ../unit_test_bsp/\libhal_bsp.a(alt_irq_vars.o)
                                0x116 (size before relaxing)
 .debug_str     0x00000596       0xe9 ../unit_test_bsp/\libhal_bsp.a(alt_load.o)
                                0x1d9 (size before relaxing)
 .debug_str     0x0000067f       0x75 ../unit_test_bsp/\libhal_bsp.a(alt_main.o)
                                0x15d (size before relaxing)
 .debug_str     0x000006f4       0x46 ../unit_test_bsp/\libhal_bsp.a(alt_printf.o)
                                 0xc4 (size before relaxing)
 .debug_str     0x0000073a       0x4e ../unit_test_bsp/\libhal_bsp.a(alt_putchar.o)
                                0x136 (size before relaxing)
 .debug_str     0x00000788       0x20 ../unit_test_bsp/\libhal_bsp.a(alt_putstr.o)
                                0x134 (size before relaxing)
 .debug_str     0x000007a8       0x85 ../unit_test_bsp/\libhal_bsp.a(alt_sys_init.o)
                                0x1d2 (size before relaxing)
 .debug_str     0x0000082d       0x50 ../unit_test_bsp/\libhal_bsp.a(altera_avalon_jtag_uart_write.o)
                                0x1d5 (size before relaxing)
 .debug_str     0x0000087d       0x34 ../unit_test_bsp/\libhal_bsp.a(alt_dcache_flush_all.o)
                                0x11c (size before relaxing)
 .debug_str     0x000008b1       0x34 ../unit_test_bsp/\libhal_bsp.a(alt_icache_flush_all.o)
                                0x11c (size before relaxing)
 .debug_str     0x000008e5       0x3b ../unit_test_bsp/\libhal_bsp.a(altera_nios2_qsys_irq.o)
                                0x123 (size before relaxing)
 .debug_str     0x00000920       0x2c ../unit_test_bsp/\libhal_bsp.a(alt_icache_flush.o)
                                0x122 (size before relaxing)
 .debug_str     0x0000094c       0xdb c:/altera/13.0sp1/nios2eds/bin/gnu/h-i686-mingw32/bin/../lib/gcc/nios2-elf/4.1.2/../../../../nios2-elf/lib\libsmallc.a(lib_a-strlen.o)
                                0x176 (size before relaxing)

.debug_loc      0x00000000      0xbcc
 *(.debug_loc)
 .debug_loc     0x00000000      0x74a obj/default/main.o
 .debug_loc     0x0000074a       0x72 ../unit_test_bsp/\libhal_bsp.a(alt_iic.o)
 .debug_loc     0x000007bc       0xf4 ../unit_test_bsp/\libhal_bsp.a(alt_iic_isr_register.o)
 .debug_loc     0x000008b0       0x5b ../unit_test_bsp/\libhal_bsp.a(alt_irq_handler.o)
 .debug_loc     0x0000090b       0x1f ../unit_test_bsp/\libhal_bsp.a(alt_load.o)
 .debug_loc     0x0000092a       0x1f ../unit_test_bsp/\libhal_bsp.a(alt_main.o)
 .debug_loc     0x00000949      0x175 ../unit_test_bsp/\libhal_bsp.a(alt_printf.o)
 .debug_loc     0x00000abe       0x3d ../unit_test_bsp/\libhal_bsp.a(alt_putchar.o)
 .debug_loc     0x00000afb       0x48 ../unit_test_bsp/\libhal_bsp.a(alt_putstr.o)
 .debug_loc     0x00000b43       0x32 ../unit_test_bsp/\libhal_bsp.a(alt_sys_init.o)
 .debug_loc     0x00000b75       0x26 ../unit_test_bsp/\libhal_bsp.a(altera_avalon_jtag_uart_write.o)
 .debug_loc     0x00000b9b       0x13 ../unit_test_bsp/\libhal_bsp.a(alt_icache_flush.o)
 .debug_loc     0x00000bae       0x1e c:/altera/13.0sp1/nios2eds/bin/gnu/h-i686-mingw32/bin/../lib/gcc/nios2-elf/4.1.2/../../../../nios2-elf/lib\libsmallc.a(lib_a-strlen.o)

.debug_macinfo
 *(.debug_macinfo)

.debug_weaknames
 *(.debug_weaknames)

.debug_funcnames
 *(.debug_funcnames)

.debug_typenames
 *(.debug_typenames)

.debug_varnames
 *(.debug_varnames)

.debug_alt_sim_info
                0x00000000       0x30
 *(.debug_alt_sim_info)
 .debug_alt_sim_info
                0x00000000       0x30 ../unit_test_bsp//obj/HAL/src/crt0.o
                0x00208000                __alt_data_end = 0x208000
                0x00208000                PROVIDE (__alt_stack_pointer, __alt_data_end)
                0x002010c4                PROVIDE (__alt_stack_limit, __alt_stack_base)
                0x002010c4                PROVIDE (__alt_heap_start, end)
                0x00208000                PROVIDE (__alt_heap_limit, 0x208000)
OUTPUT(unit_test.elf elf32-littlenios2)

.debug_ranges   0x00000000      0x190
 .debug_ranges  0x00000000       0x20 ../unit_test_bsp//obj/HAL/src/crt0.o
 .debug_ranges  0x00000020      0x100 obj/default/main.o
 .debug_ranges  0x00000120       0x28 ../unit_test_bsp/\libhal_bsp.a(alt_irq_entry.o)
 .debug_ranges  0x00000148       0x18 ../unit_test_bsp/\libhal_bsp.a(alt_irq_handler.o)
 .debug_ranges  0x00000160       0x30 ../unit_test_bsp/\libhal_bsp.a(alt_exception_entry.o)
